Microchip Technology Inc, v3.21 (B)

Tool Name:
  c:\program files\microchip\xc-dsc\v3.21\bin\bin\..\bin/elf-ld.exe

Command:
  -p33AK512MPS512 \
  --mdfp=C:/Users/bzamora/.mchp_packs/Microchip/dsPIC33AK-MP_DFP/1.0.81/xc16 \
  -o \
  dist/default/debug/adc_dem_adaptada4pam.X.debug.elf \
  -Lc:/program files/microchip/xc-dsc/v3.21/bin/bin/.. \
  -LC:/Users/bzamora/.mchp_packs/Microchip/dsPIC33AK-MP_DFP/1.0.81/xc16/bin/../support/dsPIC33A/gld \
  -Lc:/program files/microchip/xc-dsc/v3.21/bin/bin/../../lib \
  -Lc:/program files/microchip/xc-dsc/v3.21/bin/bin/../../support/dsPIC30F/gld \
  -Lc:/program files/microchip/xc-dsc/v3.21/bin/bin/../../support/dsPIC33C/gld \
  -Lc:/program files/microchip/xc-dsc/v3.21/bin/bin/../../support/dsPIC33E/gld \
  -Lc:/program files/microchip/xc-dsc/v3.21/bin/bin/../../support/dsPIC33A/gld \
  -Lc:/program files/microchip/xc-dsc/v3.21/bin/bin/../../support/dsPIC33F/gld \
  build/default/debug/mcc_generated_files/adc/src/adc1.o \
  build/default/debug/mcc_generated_files/dma/src/dma.o \
  build/default/debug/mcc_generated_files/system/src/pins.o \
  build/default/debug/mcc_generated_files/system/src/reset.o \
  build/default/debug/mcc_generated_files/system/src/clock.o \
  build/default/debug/mcc_generated_files/system/src/dmt.o \
  build/default/debug/mcc_generated_files/system/src/system.o \
  build/default/debug/mcc_generated_files/system/src/config_bits.o \
  build/default/debug/mcc_generated_files/system/src/interrupt.o \
  build/default/debug/mcc_generated_files/system/src/dmt_asm.o \
  build/default/debug/mcc_generated_files/system/src/traps.o \
  build/default/debug/mcc_generated_files/system/src/where_was_i.o \
  build/default/debug/mcc_generated_files/timer/src/tmr1.o \
  build/default/debug/mcc_generated_files/timer/src/tmr2.o \
  build/default/debug/mcc_generated_files/timer/src/sccp1.o \
  build/default/debug/mcc_generated_files/uart/src/uart1.o \
  build/default/debug/main.o \
  --defsym=__MPLAB_BUILD=1 \
  --defsym=__MPLAB_DEBUG=1 \
  --defsym=__DEBUG=1 \
  -Tp33AK512MPS512.gld.00 \
  --stack=16 \
  --check-sections \
  --data-init \
  --pack-data \
  --handles \
  --isr \
  --no-gc-sections \
  --fill-upper=0 \
  --stackguard=16 \
  --no-force-link \
  --smart-io \
  -Map=dist/default/debug/adc_dem_adaptada4pam.X.debug.map \
  --report-mem \
  --memorysummary \
  dist/default/debug/memoryfile.xml \
  -start-group \
  --library=c99-pic30-elf \
  --library=m-elf \
  --library=c99-elf \
  -end-group \


Optional library libp33AK512MPS512.a not found
Archive member included to satisfy reference by file (symbol)

c:/program files/microchip/xc-dsc/v3.21/bin/bin/../../lib\libc99-pic30-elf.a(crt_start_mode_normal.AAMeo)
                              (__crt_start_mode_normal)
c:/program files/microchip/xc-dsc/v3.21/bin/bin/../../lib\libc99-pic30-elf.a(crt0_extendedaa.o)
                              (__resetPRI)
c:/program files/microchip/xc-dsc/v3.21/bin/bin/../../lib\libc99-pic30-elf.a(data_init_extendedaa.o)
                              c:/program files/microchip/xc-dsc/v3.21/bin/bin/../../lib\libc99-pic30-elf.a(crt0_extendedaa.o) (__data_init_extended)
c:/program files/microchip/xc-dsc/v3.21/bin/bin/../../lib\libc99-elf.a(puts.AA_o)
                              build/default/debug/main.o (_puts)
c:/program files/microchip/xc-dsc/v3.21/bin/bin/../../lib\libc99-elf.a(stdout.AA_o)
                              c:/program files/microchip/xc-dsc/v3.21/bin/bin/../../lib\libc99-elf.a(puts.AA_o) (__stdout)
c:/program files/microchip/xc-dsc/v3.21/bin/bin/../../lib\libc99-elf.a(__out.AA_o)
                              c:/program files/microchip/xc-dsc/v3.21/bin/bin/../../lib\libc99-elf.a(stdout.AA_o) (___stdio_write_unbuffered)
c:/program files/microchip/xc-dsc/v3.21/bin/bin/../../lib\libc99-elf.a(__stdio_close.AA_o)
                              c:/program files/microchip/xc-dsc/v3.21/bin/bin/../../lib\libc99-elf.a(stdout.AA_o) (___stdio_close_rw)
c:/program files/microchip/xc-dsc/v3.21/bin/bin/../../lib\libc99-elf.a(fputs.AA_o)
                              c:/program files/microchip/xc-dsc/v3.21/bin/bin/../../lib\libc99-elf.a(puts.AA_o) (_fputs)
c:/program files/microchip/xc-dsc/v3.21/bin/bin/../../lib\libc99-elf.a(fwrite.AA_o)
                              c:/program files/microchip/xc-dsc/v3.21/bin/bin/../../lib\libc99-elf.a(fputs.AA_o) (_fwrite)
c:/program files/microchip/xc-dsc/v3.21/bin/bin/../../lib\libc99-elf.a(memcpy.AA_o)
                              c:/program files/microchip/xc-dsc/v3.21/bin/bin/../../lib\libc99-elf.a(__out.AA_o) (_memcpy)
c:/program files/microchip/xc-dsc/v3.21/bin/bin/../../lib\libc99-elf.a(putc.AA_o)
                              c:/program files/microchip/xc-dsc/v3.21/bin/bin/../../lib\libc99-elf.a(puts.AA_o) (_putc_unlocked)
c:/program files/microchip/xc-dsc/v3.21/bin/bin/../../lib\libc99-elf.a(strlen.AA_o)
                              c:/program files/microchip/xc-dsc/v3.21/bin/bin/../../lib\libc99-elf.a(fputs.AA_o) (_strlen)
[...]
Memory Configuration

Name             Origin             Length             Attributes
data             0x004000           0x010000           a !xr
FBOOT            0x7f40d0           0x000002  
FCP              0x7f3000           0x000002  
FICD             0x7f3010           0x000002  
FDEVOPT          0x7f3020           0x000002  
FWDT             0x7f3030           0x000002  
FPR0CTRL         0x7f4000           0x000002  
FPR0ST           0x7f4004           0x000002  
FPR0END          0x7f4008           0x000002  
FPR1CTRL         0x7f4010           0x000002  
FPR1ST           0x7f4014           0x000002  
FPR1END          0x7f4018           0x000002  
FPR2CTRL         0x7f4020           0x000002  
FPR2ST           0x7f4024           0x000002  
FPR2END          0x7f4028           0x000002  
FPR3CTRL         0x7f4030           0x000002  
FPR3ST           0x7f4034           0x000002  
FPR3END          0x7f4038           0x000002  
FPR4CTRL         0x7f4040           0x000002  
FPR4ST           0x7f4044           0x000002  
FPR4END          0x7f4048           0x000002  
FPR5CTRL         0x7f4050           0x000002  
FPR5ST           0x7f4054           0x000002  
FPR5END          0x7f4058           0x000002  
FPR6CTRL         0x7f4060           0x000002  
FPR6ST           0x7f4064           0x000002  
FPR6END          0x7f4068           0x000002  
FPR7CTRL         0x7f4070           0x000002  
FPR7ST           0x7f4074           0x000002  
FPR7END          0x7f4078           0x000002  
FIRT             0x7f4080           0x000002  
FSECDBG          0x7f4090           0x000002  
FPED             0x7f40a0           0x000002  
FEPUCB           0x7f40b0           0x000002  
FWPUCB           0x7f40c0           0x000002  
reset            0x800000           0x000004  
program          0x800004           0x07fffc           xr
*default*        0x000000           0xffffffff  

Linker script and memory map

LOAD build/default/debug/mcc_generated_files/adc/src/adc1.o
LOAD build/default/debug/mcc_generated_files/dma/src/dma.o
LOAD build/default/debug/mcc_generated_files/system/src/pins.o
LOAD build/default/debug/mcc_generated_files/system/src/reset.o
LOAD build/default/debug/mcc_generated_files/system/src/clock.o
LOAD build/default/debug/mcc_generated_files/system/src/dmt.o
LOAD build/default/debug/mcc_generated_files/system/src/system.o
LOAD build/default/debug/mcc_generated_files/system/src/config_bits.o
LOAD build/default/debug/mcc_generated_files/system/src/interrupt.o
LOAD build/default/debug/mcc_generated_files/system/src/dmt_asm.o
LOAD build/default/debug/mcc_generated_files/system/src/traps.o
LOAD build/default/debug/mcc_generated_files/system/src/where_was_i.o
LOAD build/default/debug/mcc_generated_files/timer/src/tmr1.o
LOAD build/default/debug/mcc_generated_files/timer/src/tmr2.o
LOAD build/default/debug/mcc_generated_files/timer/src/sccp1.o
LOAD build/default/debug/mcc_generated_files/uart/src/uart1.o
LOAD build/default/debug/main.o
                    0x0001                  __MPLAB_BUILD = 0x1
                    0x0001                  __MPLAB_DEBUG = 0x1
                    0x0001                  __DEBUG = 0x1
LOAD p33AK512MPS512
LOAD c:/program files/microchip/xc-dsc/v3.21/bin/bin/../../lib\libfx-elf.a
                    0x7f40d0                  __FBOOT = 0x7f40d0
                    0x7f3000                  __FCP = 0x7f3000
                    0x7f3000                  __FCP = 0x7f3000
                    0x7f3010                  __FICD = 0x7f3010
                    0x7f3010                  __FICD = 0x7f3010
                    0x7f3020                  __FDEVOPT = 0x7f3020
                    0x7f3020                  __FDEVOPT = 0x7f3020
                    0x7f3030                  __FWDT = 0x7f3030
                    0x7f3030                  __FWDT = 0x7f3030
                    0x7f4000                  __FPR0CTRL = 0x7f4000
                    0x7f4000                  __FPR0CTRL = 0x7f4000
                    0x7f4000                  __FPR0CTRL = 0x7f4000
                    0x7f4004                  __FPR0ST = 0x7f4004
                    0x7f4004                  __FPR0ST = 0x7f4004
                    0x7f4004                  __FPR0ST = 0x7f4004
                    0x7f4008                  __FPR0END = 0x7f4008
                    0x7f4008                  __FPR0END = 0x7f4008
                    0x7f4008                  __FPR0END = 0x7f4008
                    0x7f4010                  __FPR1CTRL = 0x7f4010
                    0x7f4010                  __FPR1CTRL = 0x7f4010
                    0x7f4010                  __FPR1CTRL = 0x7f4010
                    0x7f4014                  __FPR1ST = 0x7f4014
                    0x7f4014                  __FPR1ST = 0x7f4014
                    0x7f4014                  __FPR1ST = 0x7f4014
                    0x7f4018                  __FPR1END = 0x7f4018
                    0x7f4018                  __FPR1END = 0x7f4018
                    0x7f4018                  __FPR1END = 0x7f4018
                    0x7f4020                  __FPR2CTRL = 0x7f4020
                    0x7f4020                  __FPR2CTRL = 0x7f4020
                    0x7f4020                  __FPR2CTRL = 0x7f4020
                    0x7f4024                  __FPR2ST = 0x7f4024
                    0x7f4024                  __FPR2ST = 0x7f4024
                    0x7f4024                  __FPR2ST = 0x7f4024
                    0x7f4028                  __FPR2END = 0x7f4028
                    0x7f4028                  __FPR2END = 0x7f4028
                    0x7f4028                  __FPR2END = 0x7f4028
                    0x7f4030                  __FPR3CTRL = 0x7f4030
                    0x7f4030                  __FPR3CTRL = 0x7f4030
                    0x7f4030                  __FPR3CTRL = 0x7f4030
                    0x7f4034                  __FPR3ST = 0x7f4034
                    0x7f4034                  __FPR3ST = 0x7f4034
                    0x7f4034                  __FPR3ST = 0x7f4034
                    0x7f4038                  __FPR3END = 0x7f4038
                    0x7f4038                  __FPR3END = 0x7f4038
                    0x7f4038                  __FPR3END = 0x7f4038
                    0x7f4040                  __FPR4CTRL = 0x7f4040
                    0x7f4040                  __FPR4CTRL = 0x7f4040
                    0x7f4040                  __FPR4CTRL = 0x7f4040
                    0x7f4044                  __FPR4ST = 0x7f4044
                    0x7f4044                  __FPR4ST = 0x7f4044
                    0x7f4044                  __FPR4ST = 0x7f4044
                    0x7f4048                  __FPR4END = 0x7f4048
                    0x7f4048                  __FPR4END = 0x7f4048
                    0x7f4048                  __FPR4END = 0x7f4048
                    0x7f4050                  __FPR5CTRL = 0x7f4050
                    0x7f4050                  __FPR5CTRL = 0x7f4050
                    0x7f4050                  __FPR5CTRL = 0x7f4050
                    0x7f4054                  __FPR5ST = 0x7f4054
                    0x7f4054                  __FPR5ST = 0x7f4054
                    0x7f4054                  __FPR5ST = 0x7f4054
                    0x7f4058                  __FPR5END = 0x7f4058
                    0x7f4058                  __FPR5END = 0x7f4058
                    0x7f4058                  __FPR5END = 0x7f4058
                    0x7f4060                  __FPR6CTRL = 0x7f4060
                    0x7f4060                  __FPR6CTRL = 0x7f4060
                    0x7f4060                  __FPR6CTRL = 0x7f4060
                    0x7f4064                  __FPR6ST = 0x7f4064
                    0x7f4064                  __FPR6ST = 0x7f4064
                    0x7f4064                  __FPR6ST = 0x7f4064
                    0x7f4068                  __FPR6END = 0x7f4068
                    0x7f4068                  __FPR6END = 0x7f4068
                    0x7f4068                  __FPR6END = 0x7f4068
                    0x7f4070                  __FPR7CTRL = 0x7f4070
                    0x7f4070                  __FPR7CTRL = 0x7f4070
                    0x7f4070                  __FPR7CTRL = 0x7f4070
                    0x7f4074                  __FPR7ST = 0x7f4074
                    0x7f4074                  __FPR7ST = 0x7f4074
                    0x7f4074                  __FPR7ST = 0x7f4074
                    0x7f4078                  __FPR7END = 0x7f4078
                    0x7f4078                  __FPR7END = 0x7f4078
                    0x7f4078                  __FPR7END = 0x7f4078
                    0x7f4080                  __FIRT = 0x7f4080
                    0x7f4080                  __FIRT = 0x7f4080
                    0x7f4080                  __FIRT = 0x7f4080
                    0x7f4090                  __FSECDBG = 0x7f4090
                    0x7f4090                  __FSECDBG = 0x7f4090
                    0x7f4090                  __FSECDBG = 0x7f4090
                    0x7f40a0                  __FPED = 0x7f40a0
                    0x7f40a0                  __FPED = 0x7f40a0
                    0x7f40a0                  __FPED = 0x7f40a0
                    0x7f40b0                  __FEPUCB = 0x7f40b0
                    0x7f40b0                  __FEPUCB = 0x7f40b0
                    0x7f40b0                  __FEPUCB = 0x7f40b0
                    0x7f40c0                  __FWPUCB = 0x7f40c0
                    0x7f40c0                  __FWPUCB = 0x7f40c0
                    0x7f40c0                  __FWPUCB = 0x7f40c0
                    0x801000                  __CODE_BASE = 0x801000
                    0x7f000                  __CODE_LENGTH = 0x7f000
                    0x4000                  __DATA_BASE = 0x4000
                    0x10000                  __DATA_LENGTH = 0x10000
                    0xc000                  __YDATA_BASE = 0xc000
                    0x14000                  __YDATA_END = 0x14000

.reset            0x800000          0x4
                  0x800000          0x4 LONG 0x8005b4 ABSOLUTE (__reset)

.text             0x8005b4       0x2004
 *(.init)
 .init            0x8005b4         0xac c:/program files/microchip/xc-dsc/v3.21/bin/bin/../../lib\libc99-pic30-elf.a(crt0_extendedaa.o)
                  0x8005b4                  __reset
                  0x8005b4                  __resetPRI
 .init            0x800660         0x60 c:/program files/microchip/xc-dsc/v3.21/bin/bin/../../lib\libc99-pic30-elf.a(data_init_extendedaa.o)
                  0x800660                  __data_init_extended
                  0x800660                  __data_init
 *(.user_init)
 *(.handle)
 *(.isr*)
 .isr.isr.text    0x8006c0         0x94 build/default/debug/mcc_generated_files/adc/src/adc1.o
                  0x8006c0                  __AD1CH0Interrupt
 .isr.isr.text    0x800754        0x1f4 build/default/debug/mcc_generated_files/system/src/traps.o
                  0x800754                  __AddressErrorTrap
                  0x8007b4                  __GeneralTrap
                  0x800814                  __MathErrorTrap
                  0x800874                  __StackErrorTrap
                  0x8008e8                  __IllegalInstructionTrap
 .isr.isr.text    0x800948         0x60 build/default/debug/mcc_generated_files/timer/src/tmr2.o
                  0x800948                  __T2Interrupt
 .isr.isr.text    0x8009a8        0x38c build/default/debug/mcc_generated_files/uart/src/uart1.o
                  0x8009a8                  __U1TXInterrupt
                  0x800ab0                  __U1RXInterrupt
                  0x800b90                  __U1EInterrupt
                  0x800d28                  __U1EVTInterrupt
 .isr.isr.text    0x800d34        0x12c build/default/debug/main.o
                  0x800d34                  __DMA0Interrupt
                  0x800ddc                  __DMA1Interrupt
 .isr             0x800e60          0x8 default_isr
                  0x800e60                  __DefaultInterrupt
 *(.libc)
 .libc            0x800e68          0x4 c:/program files/microchip/xc-dsc/v3.21/bin/bin/../../lib\libc99-pic30-elf.a(close.AAMeo)
                  0x800e68                  _close
 .libc            0x800e6c        0x17c c:/program files/microchip/xc-dsc/v3.21/bin/bin/../../lib\libc99-pic30-elf.a(write.AAMeo)
                  0x800e6c                  _write
 *(.libm)
 *(.libdsp)
 *(.lib*)
 .libpic30_crt_start_mode
                  0x800fe8          0x4 c:/program files/microchip/xc-dsc/v3.21/bin/bin/../../lib\libc99-pic30-elf.a(crt_start_mode_normal.AAMeo)
                  0x800fe8                  __crt_start_mode
                  0x800fe8                  __crt_start_mode_normal
 .libc.puts       0x800fec         0x3c c:/program files/microchip/xc-dsc/v3.21/bin/bin/../../lib\libc99-elf.a(puts.AA_o)
                  0x800fec                  _puts
 .libc.__dummy0
                  0x801028          0x4 c:/program files/microchip/xc-dsc/v3.21/bin/bin/../../lib\libc99-elf.a(stdout.AA_o)
                  0x801028                  ___stdio_seek
 .libc.__dummy    0x80102c          0x8 c:/program files/microchip/xc-dsc/v3.21/bin/bin/../../lib\libc99-elf.a(stdout.AA_o)
                  0x80102c                  ___get_stdout
 .libc.__init_stdout
                  0x801034         0x18 c:/program files/microchip/xc-dsc/v3.21/bin/bin/../../lib\libc99-elf.a(stdout.AA_o)
                  0x801034                  ___init_stdout
 .libc.__fwrite_min
                  0x80104c          0x8 c:/program files/microchip/xc-dsc/v3.21/bin/bin/../../lib\libc99-elf.a(__out.AA_o)
                  0x80104c                  ___stdio_write
                  0x80104c                  ___stdio_write_unbuffered
                  0x80104c                  ___fwrite
 .libc.__out      0x801054         0x74 c:/program files/microchip/xc-dsc/v3.21/bin/bin/../../lib\libc99-elf.a(__out.AA_o)
                  0x801054                  ___out_needed
                  0x801054                  ___out
 .libc.__stdio_close
                  0x8010c8         0x80 c:/program files/microchip/xc-dsc/v3.21/bin/bin/../../lib\libc99-elf.a(__stdio_close.AA_o)
                  0x8010c8                  ___stdio_close
 .libc.__stdio_close_rw
                  0x801148         0xb0 c:/program files/microchip/xc-dsc/v3.21/bin/bin/../../lib\libc99-elf.a(__stdio_close.AA_o)
                  0x801148                  ___stdio_close_rw
 .libc.fputs      0x8011f8         0x3c c:/program files/microchip/xc-dsc/v3.21/bin/bin/../../lib\libc99-elf.a(fputs.AA_o)
                  0x8011f8                  _fputs_unlocked
                  0x8011f8                  _fputs
 .libc.__fwrite_min
                  0x801234          0x8 c:/program files/microchip/xc-dsc/v3.21/bin/bin/../../lib\libc99-elf.a(fwrite.AA_o)
 .libc.fwrite     0x80123c         0x40 c:/program files/microchip/xc-dsc/v3.21/bin/bin/../../lib\libc99-elf.a(fwrite.AA_o)
                  0x80123c                  _fwrite
                  0x80123c                  _fwrite_unlocked
 .libc.memcpy     0x80127c         0x1c c:/program files/microchip/xc-dsc/v3.21/bin/bin/../../lib\libc99-elf.a(memcpy.AA_o)
                  0x80127c                  _memcpy
 .libc.__putc_unbuffered
                  0x801298         0x54 c:/program files/microchip/xc-dsc/v3.21/bin/bin/../../lib\libc99-elf.a(putc.AA_o)
                  0x801298                  ___putc
                  0x801298                  ___putc_unbuffered
 .libc.putc       0x8012ec          0x4 c:/program files/microchip/xc-dsc/v3.21/bin/bin/../../lib\libc99-elf.a(putc.AA_o)
                  0x8012ec                  _putc
                  0x8012ec                  _putc_unlocked
                  0x8012ec                  __IO_putc
                  0x8012ec                  _fputc
 .libc.strlen     0x8012f0         0x6c c:/program files/microchip/xc-dsc/v3.21/bin/bin/../../lib\libc99-elf.a(strlen.AA_o)
                  0x8012f0                  _strlen
 .libc.__wrap_printf
                  0x80135c         0x20 c:/program files/microchip/xc-dsc/v3.21/bin/bin/../../lib\libc99-elf.a(__sio_printf_dosux.AA_o)
                  0x80135c                  __dprintf_cdnopsuxX
                  0x80135c                  __printf_cdnopsuxX
 .libc.__sio_printf_dosux
                  0x80137c         0x1c c:/program files/microchip/xc-dsc/v3.21/bin/bin/../../lib\libc99-elf.a(__sio_printf_dosux.AA_o)
                  0x80137c                  ___sio_printf_dosux
 .libc.__fmt_d    0x801398        0x12c c:/program files/microchip/xc-dsc/v3.21/bin/bin/../../lib\libc99-elf.a(__fmt_d.AA_o)
                  0x801398                  ___fmt_d_needed
                  0x801398                  ___fmt_d
 .libc.__fmt_o    0x8014c4         0xc4 c:/program files/microchip/xc-dsc/v3.21/bin/bin/../../lib\libc99-elf.a(__fmt_o.AA_o)
                  0x8014c4                  ___fmt_o_needed
                  0x8014c4                  ___fmt_o
 .libc.__fmt_s    0x801588         0x88 c:/program files/microchip/xc-dsc/v3.21/bin/bin/../../lib\libc99-elf.a(__fmt_s.AA_o)
                  0x801588                  ___fmt_0_needed
                  0x801588                  ___fmt_s_needed
                  0x801588                  ___fmt_s
 .libc.__fmt_u    0x801610         0x8c c:/program files/microchip/xc-dsc/v3.21/bin/bin/../../lib\libc99-elf.a(__fmt_u.AA_o)
                  0x801610                  ___fmt_u_needed
                  0x801610                  ___fmt_u
 .libc.__fmt_x    0x80169c        0x1cc c:/program files/microchip/xc-dsc/v3.21/bin/bin/../../lib\libc99-elf.a(__fmt_x.AA_o)
                  0x80169c                  ___fmt_x_needed
                  0x80169c                  ___fmt_x
 .libc.__vfprintf
                  0x801868         0x2c c:/program files/microchip/xc-dsc/v3.21/bin/bin/../../lib\libc99-elf.a(__int_vfprintf.AA_o)
                  0x801868                  ___vfprintf
 .libc.__string_out
                  0x801894         0x4c c:/program files/microchip/xc-dsc/v3.21/bin/bin/../../lib\libc99-elf.a(__printf_core.AA_o)
 .libc.__pad      0x8018e0         0xc4 c:/program files/microchip/xc-dsc/v3.21/bin/bin/../../lib\libc99-elf.a(__printf_core.AA_o)
                  0x8018e0                  ___pad
 .libc.__dummy_fmt3
                  0x8019a4          0x4 c:/program files/microchip/xc-dsc/v3.21/bin/bin/../../lib\libc99-elf.a(__printf_core.AA_o)
 .libc.__dummy_fmt4
                  0x8019a8          0x4 c:/program files/microchip/xc-dsc/v3.21/bin/bin/../../lib\libc99-elf.a(__printf_core.AA_o)
                  0x8019a8                  ___fmt_fp
                  0x8019a8                  ___fmt_a
 .libc.__dummy_fmts
                  0x8019ac          0x4 c:/program files/microchip/xc-dsc/v3.21/bin/bin/../../lib\libc99-elf.a(__printf_core.AA_o)
 .libc.__fmt_state
                  0x8019b0         0x58 c:/program files/microchip/xc-dsc/v3.21/bin/bin/../../lib\libc99-elf.a(__printf_core.AA_o)
                  0x8019b0                  ___fmt_state
 .libc.__printf_core
                  0x801a08        0x500 c:/program files/microchip/xc-dsc/v3.21/bin/bin/../../lib\libc99-elf.a(__printf_core.AA_o)
                  0x801a08                  ___printf_core
 .libc.memset     0x801f08         0x18 c:/program files/microchip/xc-dsc/v3.21/bin/bin/../../lib\libc99-elf.a(memset.AA_o)
                  0x801f08                  _memset
 .libc.__cvt_u    0x801f20        0x10c c:/program files/microchip/xc-dsc/v3.21/bin/bin/../../lib\libc99-elf.a(__cvt_u.AA_o)
                  0x801f20                  ___cvt_u
 .libc.__lseek    0x80202c         0x10 c:/program files/microchip/xc-dsc/v3.21/bin/bin/../../lib\libc99-elf.a(lseek.AA_o)
                  0x80202c                  ___lseek
                  0x80202c                  _lseek
 .libc.__pop_int
                  0x80203c        0x168 c:/program files/microchip/xc-dsc/v3.21/bin/bin/../../lib\libc99-elf.a(__pop_int.AA_o)
                  0x80203c                  ___pop_int
                  0x80203c                  ___pop_int_needed
 .libc.__pop_ptr
                  0x8021a4         0xbc c:/program files/microchip/xc-dsc/v3.21/bin/bin/../../lib\libc99-elf.a(__pop_ptr.AA_o)
                  0x8021a4                  ___pop_ptr
                  0x8021a4                  ___pop_ptr_needed
 .libc.atoi       0x802260         0x68 c:/program files/microchip/xc-dsc/v3.21/bin/bin/../../lib\libc99-elf.a(atoi.AA_o)
                  0x802260                  _atoi
 .libc.tolower    0x8022c8         0x10 c:/program files/microchip/xc-dsc/v3.21/bin/bin/../../lib\libc99-elf.a(tolower.AA_o)
                  0x8022c8                  _tolower
 .libc.__tolower_l
                  0x8022d8          0x4 c:/program files/microchip/xc-dsc/v3.21/bin/bin/../../lib\libc99-elf.a(tolower.AA_o)
                  0x8022d8                  _tolower_l
                  0x8022d8                  ___tolower_l
 .libc.toupper    0x8022dc         0x14 c:/program files/microchip/xc-dsc/v3.21/bin/bin/../../lib\libc99-elf.a(toupper.AA_o)
                  0x8022dc                  _toupper
 .libc.__toupper_l
                  0x8022f0          0x4 c:/program files/microchip/xc-dsc/v3.21/bin/bin/../../lib\libc99-elf.a(toupper.AA_o)
                  0x8022f0                  ___toupper_l
                  0x8022f0                  _toupper_l
 .libc.__pop_float
                  0x8022f4         0x5c c:/program files/microchip/xc-dsc/v3.21/bin/bin/../../lib\libc99-elf.a(__pop_float.AA_o)
                  0x8022f4                  ___pop_float
                  0x8022f4                  ___pop_float_needed
 .libc.__dummy    0x802350          0x4 c:/program files/microchip/xc-dsc/v3.21/bin/bin/../../lib\libc99-elf.a(__init_stdio.AA_o)
                  0x802350                  ___init_stdin
                  0x802350                  ___init_stderr
 .libc.__init_stdio
                  0x802354          0xc c:/program files/microchip/xc-dsc/v3.21/bin/bin/../../lib\libc99-elf.a(__init_stdio.AA_o)
                  0x802354                  ___init_stdio_needed
                  0x802354                  ___init_stdio
 .libc.__syscall_ret
                  0x802360         0x20 c:/program files/microchip/xc-dsc/v3.21/bin/bin/../../lib\libc99-elf.a(syscall_ret.AA_o)
                  0x802360                  ___syscall_ret
 .libm.extendsfdf2
                  0x802380         0x64 c:/program files/microchip/xc-dsc/v3.21/bin/bin/../../lib\libc99-pic30-elf.a(extendsfdf.aa.AA_eo)
                  0x802380                  ___extendsfdf2
 .libm.funpack    0x8023e4         0x50 c:/program files/microchip/xc-dsc/v3.21/bin/bin/../../lib\libc99-pic30-elf.a(funpack.aa.AA_eo)
                  0x8023e4                  __funpack
 .libm.__udivmoddi3
                  0x802434         0xd0 c:/program files/microchip/xc-dsc/v3.21/bin/bin/../../lib\libc99-pic30-elf.a(divmoddi3.AA_eo)
                  0x802434                  ___udivmoddi3
 .libm.__udivdi3
                  0x802504          0x8 c:/program files/microchip/xc-dsc/v3.21/bin/bin/../../lib\libc99-pic30-elf.a(divmoddi3.AA_eo)
                  0x802504                  ___udivdi3
 .libm.__umoddi3
                  0x80250c          0x8 c:/program files/microchip/xc-dsc/v3.21/bin/bin/../../lib\libc99-pic30-elf.a(divmoddi3.AA_eo)
                  0x80250c                  ___umoddi3
 .libm.__divdi3
                  0x802514         0x60 c:/program files/microchip/xc-dsc/v3.21/bin/bin/../../lib\libc99-pic30-elf.a(divmoddi3.AA_eo)
                  0x802514                  ___divdi3
 .libm.__moddi3
                  0x802574         0x44 c:/program files/microchip/xc-dsc/v3.21/bin/bin/../../lib\libc99-pic30-elf.a(divmoddi3.AA_eo)
                  0x802574                  ___moddi3

usercode
 *(usercode)

__FBOOT
 *(__FBOOT.sec*)

__FCP
 *(__FCP.sec*)
 *(__FCP.sec*)

__FICD
 *(__FICD.sec*)
 *(__FICD.sec*)

__FDEVOPT
 *(__FDEVOPT.sec*)
 *(__FDEVOPT.sec*)

__FWDT
 *(__FWDT.sec*)
 *(__FWDT.sec*)

__FPR0CTRL
 *(__FPR0CTRL.sec*)
 *(__FPR0CTRL.sec*)
 *(__FPR0CTRL.sec*)

__FPR0ST
 *(__FPR0ST.sec*)
 *(__FPR0ST.sec*)
 *(__FPR0ST.sec*)

__FPR0END
 *(__FPR0END.sec*)
 *(__FPR0END.sec*)
 *(__FPR0END.sec*)

__FPR1CTRL
 *(__FPR1CTRL.sec*)
 *(__FPR1CTRL.sec*)
 *(__FPR1CTRL.sec*)

__FPR1ST
 *(__FPR1ST.sec*)
 *(__FPR1ST.sec*)
 *(__FPR1ST.sec*)

__FPR1END
 *(__FPR1END.sec*)
 *(__FPR1END.sec*)
 *(__FPR1END.sec*)

__FPR2CTRL
 *(__FPR2CTRL.sec*)
 *(__FPR2CTRL.sec*)
 *(__FPR2CTRL.sec*)

__FPR2ST
 *(__FPR2ST.sec*)
 *(__FPR2ST.sec*)
 *(__FPR2ST.sec*)

__FPR2END
 *(__FPR2END.sec*)
 *(__FPR2END.sec*)
 *(__FPR2END.sec*)

__FPR3CTRL
 *(__FPR3CTRL.sec*)
 *(__FPR3CTRL.sec*)
 *(__FPR3CTRL.sec*)

__FPR3ST
 *(__FPR3ST.sec*)
 *(__FPR3ST.sec*)
 *(__FPR3ST.sec*)

__FPR3END
 *(__FPR3END.sec*)
 *(__FPR3END.sec*)
 *(__FPR3END.sec*)

__FPR4CTRL
 *(__FPR4CTRL.sec*)
 *(__FPR4CTRL.sec*)
 *(__FPR4CTRL.sec*)

__FPR4ST
 *(__FPR4ST.sec*)
 *(__FPR4ST.sec*)
 *(__FPR4ST.sec*)

__FPR4END
 *(__FPR4END.sec*)
 *(__FPR4END.sec*)
 *(__FPR4END.sec*)

__FPR5CTRL
 *(__FPR5CTRL.sec*)
 *(__FPR5CTRL.sec*)
 *(__FPR5CTRL.sec*)

__FPR5ST
 *(__FPR5ST.sec*)
 *(__FPR5ST.sec*)
 *(__FPR5ST.sec*)

__FPR5END
 *(__FPR5END.sec*)
 *(__FPR5END.sec*)
 *(__FPR5END.sec*)

__FPR6CTRL
 *(__FPR6CTRL.sec*)
 *(__FPR6CTRL.sec*)
 *(__FPR6CTRL.sec*)

__FPR6ST
 *(__FPR6ST.sec*)
 *(__FPR6ST.sec*)
 *(__FPR6ST.sec*)

__FPR6END
 *(__FPR6END.sec*)
 *(__FPR6END.sec*)
 *(__FPR6END.sec*)

__FPR7CTRL
 *(__FPR7CTRL.sec*)
 *(__FPR7CTRL.sec*)
 *(__FPR7CTRL.sec*)

__FPR7ST
 *(__FPR7ST.sec*)
 *(__FPR7ST.sec*)
 *(__FPR7ST.sec*)

__FPR7END
 *(__FPR7END.sec*)
 *(__FPR7END.sec*)
 *(__FPR7END.sec*)

__FIRT
 *(__FIRT.sec*)
 *(__FIRT.sec*)
 *(__FIRT.sec*)

__FSECDBG
 *(__FSECDBG.sec*)
 *(__FSECDBG.sec*)
 *(__FSECDBG.sec*)

__FPED
 *(__FPED.sec*)
 *(__FPED.sec*)
 *(__FPED.sec*)

__FEPUCB
 *(__FEPUCB.sec*)
 *(__FEPUCB.sec*)
 *(__FEPUCB.sec*)

__FWPUCB
 *(__FWPUCB.sec*)
 *(__FWPUCB.sec*)
 *(__FWPUCB.sec*)

.comment            0x0000       0x1130
 *(.comment)
 .comment           0x0000         0x58 build/default/debug/mcc_generated_files/adc/src/adc1.o
 .comment           0x0058         0x58 build/default/debug/mcc_generated_files/dma/src/dma.o
 .comment           0x00b0         0x58 build/default/debug/mcc_generated_files/system/src/pins.o
 .comment           0x0108         0x58 build/default/debug/mcc_generated_files/system/src/reset.o
 .comment           0x0160         0x58 build/default/debug/mcc_generated_files/system/src/clock.o
 .comment           0x01b8         0x58 build/default/debug/mcc_generated_files/system/src/dmt.o
 .comment           0x0210         0x58 build/default/debug/mcc_generated_files/system/src/system.o
 .comment           0x0268         0x58 build/default/debug/mcc_generated_files/system/src/config_bits.o
 .comment           0x02c0         0x58 build/default/debug/mcc_generated_files/system/src/interrupt.o
 .comment           0x0318         0x58 build/default/debug/mcc_generated_files/system/src/traps.o
 .comment           0x0370         0x58 build/default/debug/mcc_generated_files/timer/src/tmr1.o
 .comment           0x03c8         0x58 build/default/debug/mcc_generated_files/timer/src/tmr2.o
 .comment           0x0420         0x58 build/default/debug/mcc_generated_files/timer/src/sccp1.o
 .comment           0x0478         0x58 build/default/debug/mcc_generated_files/uart/src/uart1.o
 .comment           0x04d0         0x58 build/default/debug/main.o
 .comment           0x0528         0x58 c:/program files/microchip/xc-dsc/v3.21/bin/bin/../../lib\libc99-elf.a(puts.AA_o)
 .comment           0x0580         0x58 c:/program files/microchip/xc-dsc/v3.21/bin/bin/../../lib\libc99-elf.a(stdout.AA_o)
 .comment           0x05d8         0x58 c:/program files/microchip/xc-dsc/v3.21/bin/bin/../../lib\libc99-elf.a(__out.AA_o)
 .comment           0x0630         0x58 c:/program files/microchip/xc-dsc/v3.21/bin/bin/../../lib\libc99-elf.a(__stdio_close.AA_o)
 .comment           0x0688         0x58 c:/program files/microchip/xc-dsc/v3.21/bin/bin/../../lib\libc99-elf.a(fputs.AA_o)
 .comment           0x06e0         0x58 c:/program files/microchip/xc-dsc/v3.21/bin/bin/../../lib\libc99-elf.a(fwrite.AA_o)
 .comment           0x0738         0x58 c:/program files/microchip/xc-dsc/v3.21/bin/bin/../../lib\libc99-elf.a(memcpy.AA_o)
 .comment           0x0790         0x58 c:/program files/microchip/xc-dsc/v3.21/bin/bin/../../lib\libc99-elf.a(putc.AA_o)
 .comment           0x07e8         0x58 c:/program files/microchip/xc-dsc/v3.21/bin/bin/../../lib\libc99-elf.a(strlen.AA_o)
 .comment           0x0840         0x58 c:/program files/microchip/xc-dsc/v3.21/bin/bin/../../lib\libc99-elf.a(__sio_printf_dosux.AA_o)
 .comment           0x0898         0x58 c:/program files/microchip/xc-dsc/v3.21/bin/bin/../../lib\libc99-elf.a(__fmt_d.AA_o)
 .comment           0x08f0         0x58 c:/program files/microchip/xc-dsc/v3.21/bin/bin/../../lib\libc99-elf.a(__fmt_o.AA_o)
 .comment           0x0948         0x58 c:/program files/microchip/xc-dsc/v3.21/bin/bin/../../lib\libc99-elf.a(__fmt_s.AA_o)
 .comment           0x09a0         0x58 c:/program files/microchip/xc-dsc/v3.21/bin/bin/../../lib\libc99-elf.a(__fmt_u.AA_o)
 .comment           0x09f8         0x58 c:/program files/microchip/xc-dsc/v3.21/bin/bin/../../lib\libc99-elf.a(__fmt_x.AA_o)
 .comment           0x0a50         0x58 c:/program files/microchip/xc-dsc/v3.21/bin/bin/../../lib\libc99-elf.a(__int_vfprintf.AA_o)
 .comment           0x0aa8         0x58 c:/program files/microchip/xc-dsc/v3.21/bin/bin/../../lib\libc99-elf.a(__printf_core.AA_o)
 .comment           0x0b00         0x58 c:/program files/microchip/xc-dsc/v3.21/bin/bin/../../lib\libc99-elf.a(memset.AA_o)
 .comment           0x0b58         0x58 c:/program files/microchip/xc-dsc/v3.21/bin/bin/../../lib\libc99-elf.a(__cvt_u.AA_o)
 .comment           0x0bb0         0x58 c:/program files/microchip/xc-dsc/v3.21/bin/bin/../../lib\libc99-elf.a(__io_init_needed.AA_o)
 .comment           0x0c08         0x58 c:/program files/microchip/xc-dsc/v3.21/bin/bin/../../lib\libc99-elf.a(lseek.AA_o)
 .comment           0x0c60         0x58 c:/program files/microchip/xc-dsc/v3.21/bin/bin/../../lib\libc99-elf.a(__pop_int.AA_o)
 .comment           0x0cb8         0x58 c:/program files/microchip/xc-dsc/v3.21/bin/bin/../../lib\libc99-elf.a(__pop_ptr.AA_o)
 .comment           0x0d10         0x58 c:/program files/microchip/xc-dsc/v3.21/bin/bin/../../lib\libc99-elf.a(atoi.AA_o)
 .comment           0x0d68         0x58 c:/program files/microchip/xc-dsc/v3.21/bin/bin/../../lib\libc99-elf.a(tolower.AA_o)
 .comment           0x0dc0         0x58 c:/program files/microchip/xc-dsc/v3.21/bin/bin/../../lib\libc99-elf.a(toupper.AA_o)
 .comment           0x0e18         0x58 c:/program files/microchip/xc-dsc/v3.21/bin/bin/../../lib\libc99-elf.a(__errno_location.AA_o)
 .comment           0x0e70         0x58 c:/program files/microchip/xc-dsc/v3.21/bin/bin/../../lib\libc99-elf.a(__pop_float.AA_o)
 .comment           0x0ec8         0x58 c:/program files/microchip/xc-dsc/v3.21/bin/bin/../../lib\libc99-elf.a(__init_stdio.AA_o)
 .comment           0x0f20         0x58 c:/program files/microchip/xc-dsc/v3.21/bin/bin/../../lib\libc99-elf.a(__io_file_needed.AA_o)
 .comment           0x0f78         0x58 c:/program files/microchip/xc-dsc/v3.21/bin/bin/../../lib\libc99-elf.a(syscall_ret.AA_o)
 .comment           0x0fd0         0x58 c:/program files/microchip/xc-dsc/v3.21/bin/bin/../../lib\libc99-pic30-elf.a(close.AAMeo)
 .comment           0x1028         0x58 c:/program files/microchip/xc-dsc/v3.21/bin/bin/../../lib\libc99-pic30-elf.a(write.AAMeo)
 .comment           0x1080         0x58 c:/program files/microchip/xc-dsc/v3.21/bin/bin/../../lib\libc99-pic30-elf.a(divmoddi3.AA_eo)
 .comment           0x10d8         0x58 c:/program files/microchip/xc-dsc/v3.21/bin/bin/../../lib\libc99-pic30-elf.a(c30_uart.AAMeo)

.debug_info         0x0000       0xe7fa
 *(.debug_info)
 .debug_info        0x0000       0x23c0 build/default/debug/mcc_generated_files/adc/src/adc1.o
 .debug_info        0x23c0       0x2deb build/default/debug/mcc_generated_files/dma/src/dma.o
 .debug_info        0x51ab        0x6ae build/default/debug/mcc_generated_files/system/src/pins.o
 .debug_info        0x5859        0x59c build/default/debug/mcc_generated_files/system/src/reset.o
 .debug_info        0x5df5        0xf96 build/default/debug/mcc_generated_files/system/src/clock.o
 .debug_info        0x6d8b        0x529 build/default/debug/mcc_generated_files/system/src/dmt.o
 .debug_info        0x72b4        0x330 build/default/debug/mcc_generated_files/system/src/system.o
 .debug_info        0x75e4        0x52c build/default/debug/mcc_generated_files/system/src/interrupt.o
 .debug_info        0x7b10         0x26 build/default/debug/mcc_generated_files/system/src/dmt_asm.o
 .debug_info        0x7b36        0x6fd build/default/debug/mcc_generated_files/system/src/traps.o
 .debug_info        0x8233         0x26 build/default/debug/mcc_generated_files/system/src/where_was_i.o
 .debug_info        0x8259        0xc02 build/default/debug/mcc_generated_files/timer/src/tmr1.o
 .debug_info        0x8e5b        0xeeb build/default/debug/mcc_generated_files/timer/src/tmr2.o
 .debug_info        0x9d46        0xd1d build/default/debug/mcc_generated_files/timer/src/sccp1.o
 .debug_info        0xaa63       0x1c05 build/default/debug/mcc_generated_files/uart/src/uart1.o
 .debug_info        0xc668       0x2146 build/default/debug/main.o
 .debug_info        0xe7ae         0x26 c:/program files/microchip/xc-dsc/v3.21/bin/bin/../../lib\libc99-pic30-elf.a(extendsfdf.aa.AA_eo)
 .debug_info        0xe7d4         0x26 c:/program files/microchip/xc-dsc/v3.21/bin/bin/../../lib\libc99-pic30-elf.a(funpack.aa.AA_eo)
 *(.gnu.linkonce.wi.*)

.debug_abbrev       0x0000       0x1d20
 *(.debug_abbrev)
 .debug_abbrev      0x0000        0x3e8 build/default/debug/mcc_generated_files/adc/src/adc1.o
 .debug_abbrev      0x03e8        0x346 build/default/debug/mcc_generated_files/dma/src/dma.o
 .debug_abbrev      0x072e         0x9b build/default/debug/mcc_generated_files/system/src/pins.o
 .debug_abbrev      0x07c9        0x178 build/default/debug/mcc_generated_files/system/src/reset.o
 .debug_abbrev      0x0941         0xb2 build/default/debug/mcc_generated_files/system/src/clock.o
 .debug_abbrev      0x09f3        0x13f build/default/debug/mcc_generated_files/system/src/dmt.o
 .debug_abbrev      0x0b32         0x7e build/default/debug/mcc_generated_files/system/src/system.o
 .debug_abbrev      0x0bb0         0x9b build/default/debug/mcc_generated_files/system/src/interrupt.o
 .debug_abbrev      0x0c4b         0x14 build/default/debug/mcc_generated_files/system/src/dmt_asm.o
 .debug_abbrev      0x0c5f        0x193 build/default/debug/mcc_generated_files/system/src/traps.o
 .debug_abbrev      0x0df2         0x14 build/default/debug/mcc_generated_files/system/src/where_was_i.o
 .debug_abbrev      0x0e06        0x233 build/default/debug/mcc_generated_files/timer/src/tmr1.o
 .debug_abbrev      0x1039        0x23b build/default/debug/mcc_generated_files/timer/src/tmr2.o
 .debug_abbrev      0x1274        0x221 build/default/debug/mcc_generated_files/timer/src/sccp1.o
 .debug_abbrev      0x1495        0x46b build/default/debug/mcc_generated_files/uart/src/uart1.o
 .debug_abbrev      0x1900        0x3f8 build/default/debug/main.o
 .debug_abbrev      0x1cf8         0x14 c:/program files/microchip/xc-dsc/v3.21/bin/bin/../../lib\libc99-pic30-elf.a(extendsfdf.aa.AA_eo)
 .debug_abbrev      0x1d0c         0x14 c:/program files/microchip/xc-dsc/v3.21/bin/bin/../../lib\libc99-pic30-elf.a(funpack.aa.AA_eo)

.debug_line         0x0000       0x41bb
 *(.debug_line)
 .debug_line        0x0000        0x87a build/default/debug/mcc_generated_files/adc/src/adc1.o
 .debug_line        0x087a        0xf99 build/default/debug/mcc_generated_files/dma/src/dma.o
 .debug_line        0x1813        0x291 build/default/debug/mcc_generated_files/system/src/pins.o
 .debug_line        0x1aa4        0x20a build/default/debug/mcc_generated_files/system/src/reset.o
 .debug_line        0x1cae        0x369 build/default/debug/mcc_generated_files/system/src/clock.o
 .debug_line        0x2017        0x202 build/default/debug/mcc_generated_files/system/src/dmt.o
 .debug_line        0x2219        0x1a2 build/default/debug/mcc_generated_files/system/src/system.o
 .debug_line        0x23bb          0x0 build/default/debug/mcc_generated_files/system/src/config_bits.o
 .debug_line        0x23bb        0x192 build/default/debug/mcc_generated_files/system/src/interrupt.o
 .debug_line        0x254d         0x72 build/default/debug/mcc_generated_files/system/src/dmt_asm.o
 .debug_line        0x25bf        0x1d7 build/default/debug/mcc_generated_files/system/src/traps.o
 .debug_line        0x2796         0x61 build/default/debug/mcc_generated_files/system/src/where_was_i.o
 .debug_line        0x27f7        0x276 build/default/debug/mcc_generated_files/timer/src/tmr1.o
 .debug_line        0x2a6d        0x294 build/default/debug/mcc_generated_files/timer/src/tmr2.o
 .debug_line        0x2d01        0x2ef build/default/debug/mcc_generated_files/timer/src/sccp1.o
 .debug_line        0x2ff0        0x863 build/default/debug/mcc_generated_files/uart/src/uart1.o
 .debug_line        0x3853        0x8ba build/default/debug/main.o
 .debug_line        0x410d         0x5e c:/program files/microchip/xc-dsc/v3.21/bin/bin/../../lib\libc99-pic30-elf.a(extendsfdf.aa.AA_eo)
 .debug_line        0x416b         0x50 c:/program files/microchip/xc-dsc/v3.21/bin/bin/../../lib\libc99-pic30-elf.a(funpack.aa.AA_eo)

.debug_frame        0x0000        0xc2c
 *(.debug_frame)
 .debug_frame       0x0000        0x1d4 build/default/debug/mcc_generated_files/adc/src/adc1.o
 .debug_frame       0x01d4        0x15c build/default/debug/mcc_generated_files/dma/src/dma.o
 .debug_frame       0x0330         0x24 build/default/debug/mcc_generated_files/system/src/pins.o
 .debug_frame       0x0354         0x44 build/default/debug/mcc_generated_files/system/src/reset.o
 .debug_frame       0x0398         0x24 build/default/debug/mcc_generated_files/system/src/clock.o
 .debug_frame       0x03bc         0xc4 build/default/debug/mcc_generated_files/system/src/dmt.o
 .debug_frame       0x0480         0x24 build/default/debug/mcc_generated_files/system/src/system.o
 .debug_frame       0x04a4         0x34 build/default/debug/mcc_generated_files/system/src/interrupt.o
 .debug_frame       0x04d8        0x13c build/default/debug/mcc_generated_files/system/src/traps.o
 .debug_frame       0x0614         0xc4 build/default/debug/mcc_generated_files/timer/src/tmr1.o
 .debug_frame       0x06d8         0xec build/default/debug/mcc_generated_files/timer/src/tmr2.o
 .debug_frame       0x07c4         0xc4 build/default/debug/mcc_generated_files/timer/src/sccp1.o
 .debug_frame       0x0888        0x2a0 build/default/debug/mcc_generated_files/uart/src/uart1.o
 .debug_frame       0x0b28        0x104 build/default/debug/main.o

.debug_str          0x0000        0x4c0
 *(.debug_str)
 .debug_str         0x0000         0x32 build/default/debug/mcc_generated_files/adc/src/adc1.o
 .debug_str         0x0032         0xb9 build/default/debug/mcc_generated_files/dma/src/dma.o
 .debug_str         0x00eb          0x0 build/default/debug/mcc_generated_files/system/src/pins.o
 .debug_str         0x00eb         0x17 build/default/debug/mcc_generated_files/system/src/reset.o
 .debug_str         0x0102         0x53 build/default/debug/mcc_generated_files/system/src/clock.o
 .debug_str         0x0155          0xe build/default/debug/mcc_generated_files/system/src/dmt.o
 .debug_str         0x0163         0x97 build/default/debug/mcc_generated_files/system/src/system.o
 .debug_str         0x01fa          0x0 build/default/debug/mcc_generated_files/system/src/config_bits.o
 .debug_str         0x01fa          0x0 build/default/debug/mcc_generated_files/system/src/interrupt.o
 .debug_str         0x01fa         0x6c build/default/debug/mcc_generated_files/system/src/dmt_asm.o
 .debug_str         0x0266          0xd build/default/debug/mcc_generated_files/system/src/traps.o
 .debug_str         0x0273         0x70 build/default/debug/mcc_generated_files/system/src/where_was_i.o
 .debug_str         0x02e3          0x0 build/default/debug/mcc_generated_files/timer/src/tmr1.o
 .debug_str         0x02e3          0x0 build/default/debug/mcc_generated_files/timer/src/tmr2.o
 .debug_str         0x02e3          0x0 build/default/debug/mcc_generated_files/timer/src/sccp1.o
 .debug_str         0x02e3         0x27 build/default/debug/mcc_generated_files/uart/src/uart1.o
 .debug_str         0x030a        0x115 build/default/debug/main.o
 .debug_str         0x041f         0x52 c:/program files/microchip/xc-dsc/v3.21/bin/bin/../../lib\libc99-pic30-elf.a(extendsfdf.aa.AA_eo)
 .debug_str         0x0471         0x4f c:/program files/microchip/xc-dsc/v3.21/bin/bin/../../lib\libc99-pic30-elf.a(funpack.aa.AA_eo)

.debug_loc          0x0000       0x1730
 *(.debug_loc)
 .debug_loc         0x0000        0x441 build/default/debug/mcc_generated_files/adc/src/adc1.o
 .debug_loc         0x0441        0x398 build/default/debug/mcc_generated_files/dma/src/dma.o
 .debug_loc         0x07d9         0xdd build/default/debug/mcc_generated_files/system/src/reset.o
 .debug_loc         0x08b6         0x23 build/default/debug/mcc_generated_files/system/src/dmt.o
 .debug_loc         0x08d9         0x21 build/default/debug/mcc_generated_files/timer/src/tmr1.o
 .debug_loc         0x08fa         0x21 build/default/debug/mcc_generated_files/timer/src/tmr2.o
 .debug_loc         0x091b         0x21 build/default/debug/mcc_generated_files/timer/src/sccp1.o
 .debug_loc         0x093c        0x1a4 build/default/debug/mcc_generated_files/uart/src/uart1.o
 .debug_loc         0x0ae0        0xc50 build/default/debug/main.o

.debug_macinfo
 *(.debug_macinfo)

.debug_pubnames
 *(.debug_pubnames)

.debug_ranges       0x0000        0x838
 *(.debug_ranges)
 .debug_ranges      0x0000        0x120 build/default/debug/mcc_generated_files/adc/src/adc1.o
 .debug_ranges      0x0120         0x70 build/default/debug/mcc_generated_files/dma/src/dma.o
 .debug_ranges      0x0190         0x10 build/default/debug/mcc_generated_files/system/src/pins.o
 .debug_ranges      0x01a0         0x20 build/default/debug/mcc_generated_files/system/src/reset.o
 .debug_ranges      0x01c0         0x10 build/default/debug/mcc_generated_files/system/src/clock.o
 .debug_ranges      0x01d0         0x60 build/default/debug/mcc_generated_files/system/src/dmt.o
 .debug_ranges      0x0230         0x10 build/default/debug/mcc_generated_files/system/src/system.o
 .debug_ranges      0x0240         0x18 build/default/debug/mcc_generated_files/system/src/interrupt.o
 .debug_ranges      0x0258         0x38 build/default/debug/mcc_generated_files/system/src/traps.o
 .debug_ranges      0x0290         0x60 build/default/debug/mcc_generated_files/timer/src/tmr1.o
 .debug_ranges      0x02f0         0x60 build/default/debug/mcc_generated_files/timer/src/tmr2.o
 .debug_ranges      0x0350         0x60 build/default/debug/mcc_generated_files/timer/src/sccp1.o
 .debug_ranges      0x03b0        0x108 build/default/debug/mcc_generated_files/uart/src/uart1.o
 .debug_ranges      0x04b8        0x380 build/default/debug/main.o

.debug_aranges      0x0000        0x5f8
 *(.debug_aranges)
 .debug_aranges
                    0x0000         0xe0 build/default/debug/mcc_generated_files/adc/src/adc1.o
 .debug_aranges
                    0x00e0         0x80 build/default/debug/mcc_generated_files/dma/src/dma.o
 .debug_aranges
                    0x0160         0x20 build/default/debug/mcc_generated_files/system/src/pins.o
 .debug_aranges
                    0x0180         0x30 build/default/debug/mcc_generated_files/system/src/reset.o
 .debug_aranges
                    0x01b0         0x20 build/default/debug/mcc_generated_files/system/src/clock.o
 .debug_aranges
                    0x01d0         0x70 build/default/debug/mcc_generated_files/system/src/dmt.o
 .debug_aranges
                    0x0240         0x20 build/default/debug/mcc_generated_files/system/src/system.o
 .debug_aranges
                    0x0260         0x28 build/default/debug/mcc_generated_files/system/src/interrupt.o
 .debug_aranges
                    0x0288         0x20 build/default/debug/mcc_generated_files/system/src/dmt_asm.o
 .debug_aranges
                    0x02a8         0x48 build/default/debug/mcc_generated_files/system/src/traps.o
 .debug_aranges
                    0x02f0         0x20 build/default/debug/mcc_generated_files/system/src/where_was_i.o
 .debug_aranges
                    0x0310         0x70 build/default/debug/mcc_generated_files/timer/src/tmr1.o
 .debug_aranges
                    0x0380         0x70 build/default/debug/mcc_generated_files/timer/src/tmr2.o
 .debug_aranges
                    0x03f0         0x70 build/default/debug/mcc_generated_files/timer/src/sccp1.o
 .debug_aranges
                    0x0460         0xf8 build/default/debug/mcc_generated_files/uart/src/uart1.o
 .debug_aranges
                    0x0558         0x60 build/default/debug/main.o
 .debug_aranges
                    0x05b8         0x20 c:/program files/microchip/xc-dsc/v3.21/bin/bin/../../lib\libc99-pic30-elf.a(extendsfdf.aa.AA_eo)
 .debug_aranges
                    0x05d8         0x20 c:/program files/microchip/xc-dsc/v3.21/bin/bin/../../lib\libc99-pic30-elf.a(funpack.aa.AA_eo)
                    0x0000                  PC = 0x0
                    0x0000                  _PC = 0x0
                    0x0000                  _PCbits = 0x0
                    0x0004                  SPLIM = 0x4
                    0x0004                  _SPLIM = 0x4
                    0x0004                  _SPLIMbits = 0x4
                    0x0008                  RCOUNT = 0x8
                    0x0008                  _RCOUNT = 0x8
                    0x000c                  DISIIPL = 0xc
                    0x000c                  _DISIIPL = 0xc
                    0x000c                  _DISIIPLbits = 0xc
                    0x0010                  CORCON = 0x10
                    0x0010                  _CORCON = 0x10
                    0x0010                  _CORCONbits = 0x10
                    0x0014                  MODCON = 0x14
                    0x0014                  _MODCON = 0x14
                    0x0014                  _MODCONbits = 0x14
                    0x0018                  XMODSRT = 0x18
                    0x0018                  _XMODSRT = 0x18
                    0x0018                  _XMODSRTbits = 0x18
                    0x001c                  XMODEND = 0x1c
                    0x001c                  _XMODEND = 0x1c
                    0x001c                  _XMODENDbits = 0x1c
                    0x0020                  YMODSRT = 0x20
                    0x0020                  _YMODSRT = 0x20
                    0x0020                  _YMODSRTbits = 0x20
                    0x0024                  YMODEND = 0x24
                    0x0024                  _YMODEND = 0x24
                    0x0024                  _YMODENDbits = 0x24
                    0x0028                  XBREV = 0x28
                    0x0028                  _XBREV = 0x28
                    0x0028                  _XBREVbits = 0x28
                    0x002c                  PCTRAP = 0x2c
                    0x002c                  _PCTRAP = 0x2c
                    0x002c                  _PCTRAPbits = 0x2c
                    0x0030                  FEX = 0x30
                    0x0030                  _FEX = 0x30
                    0x0034                  FEX2 = 0x34
                    0x0034                  _FEX2 = 0x34
                    0x0038                  PCHOLD = 0x38
                    0x0038                  _PCHOLD = 0x38
                    0x0038                  _PCHOLDbits = 0x38
                    0x003c                  VFA = 0x3c
                    0x003c                  _VFA = 0x3c
                    0x003c                  _VFAbits = 0x3c
                    0x0070                  INTCON1 = 0x70
                    0x0070                  _INTCON1 = 0x70
                    0x0070                  _INTCON1bits = 0x70
                    0x0074                  INTCON2 = 0x74
                    0x0074                  _INTCON2 = 0x74
                    0x0074                  _INTCON2bits = 0x74
                    0x0078                  INTCON3 = 0x78
                    0x0078                  _INTCON3 = 0x78
                    0x0078                  _INTCON3bits = 0x78
                    0x007c                  INTCON4 = 0x7c
                    0x007c                  _INTCON4 = 0x7c
                    0x007c                  _INTCON4bits = 0x7c
                    0x0080                  INTCON5 = 0x80
                    0x0080                  _INTCON5 = 0x80
                    0x0080                  _INTCON5bits = 0x80
                    0x0084                  INTTREG = 0x84
                    0x0084                  _INTTREG = 0x84
                    0x0084                  _INTTREGbits = 0x84
                    0x0088                  IVTBASE = 0x88
                    0x0088                  _IVTBASE = 0x88
                    0x0088                  _IVTBASEbits = 0x88
                    0x008c                  IVTCREG = 0x8c
                    0x008c                  _IVTCREG = 0x8c
                    0x008c                  _IVTCREGbits = 0x8c
                    0x0090                  IFS0 = 0x90
                    0x0090                  _IFS0 = 0x90
                    0x0090                  _IFS0bits = 0x90
                    0x0094                  IFS1 = 0x94
                    0x0094                  _IFS1 = 0x94
                    0x0094                  _IFS1bits = 0x94
                    0x0098                  IFS2 = 0x98
                    0x0098                  _IFS2 = 0x98
                    0x0098                  _IFS2bits = 0x98
                    0x009c                  IFS3 = 0x9c
                    0x009c                  _IFS3 = 0x9c
                    0x009c                  _IFS3bits = 0x9c
                    0x00a0                  IFS4 = 0xa0
                    0x00a0                  _IFS4 = 0xa0
                    0x00a0                  _IFS4bits = 0xa0
                    0x00a4                  IFS5 = 0xa4
                    0x00a4                  _IFS5 = 0xa4
                    0x00a4                  _IFS5bits = 0xa4
                    0x00a8                  IFS6 = 0xa8
                    0x00a8                  _IFS6 = 0xa8
                    0x00a8                  _IFS6bits = 0xa8
                    0x00ac                  IFS7 = 0xac
                    0x00ac                  _IFS7 = 0xac
                    0x00ac                  _IFS7bits = 0xac
                    0x00b0                  IFS8 = 0xb0
                    0x00b0                  _IFS8 = 0xb0
                    0x00b0                  _IFS8bits = 0xb0
                    0x00b4                  IFS9 = 0xb4
                    0x00b4                  _IFS9 = 0xb4
                    0x00b4                  _IFS9bits = 0xb4
                    0x00b8                  IFS10 = 0xb8
                    0x00b8                  _IFS10 = 0xb8
                    0x00b8                  _IFS10bits = 0xb8
                    0x00bc                  IFS11 = 0xbc
                    0x00bc                  _IFS11 = 0xbc
                    0x00bc                  _IFS11bits = 0xbc
                    0x00c0                  IEC0 = 0xc0
                    0x00c0                  _IEC0 = 0xc0
                    0x00c0                  _IEC0bits = 0xc0
                    0x00c4                  IEC1 = 0xc4
                    0x00c4                  _IEC1 = 0xc4
                    0x00c4                  _IEC1bits = 0xc4
                    0x00c8                  IEC2 = 0xc8
                    0x00c8                  _IEC2 = 0xc8
                    0x00c8                  _IEC2bits = 0xc8
                    0x00cc                  IEC3 = 0xcc
                    0x00cc                  _IEC3 = 0xcc
                    0x00cc                  _IEC3bits = 0xcc
                    0x00d0                  IEC4 = 0xd0
                    0x00d0                  _IEC4 = 0xd0
                    0x00d0                  _IEC4bits = 0xd0
                    0x00d4                  IEC5 = 0xd4
                    0x00d4                  _IEC5 = 0xd4
                    0x00d4                  _IEC5bits = 0xd4
                    0x00d8                  IEC6 = 0xd8
                    0x00d8                  _IEC6 = 0xd8
                    0x00d8                  _IEC6bits = 0xd8
                    0x00dc                  IEC7 = 0xdc
                    0x00dc                  _IEC7 = 0xdc
                    0x00dc                  _IEC7bits = 0xdc
                    0x00e0                  IEC8 = 0xe0
                    0x00e0                  _IEC8 = 0xe0
                    0x00e0                  _IEC8bits = 0xe0
                    0x00e4                  IEC9 = 0xe4
                    0x00e4                  _IEC9 = 0xe4
                    0x00e4                  _IEC9bits = 0xe4
                    0x00e8                  IEC10 = 0xe8
                    0x00e8                  _IEC10 = 0xe8
                    0x00e8                  _IEC10bits = 0xe8
                    0x00ec                  IEC11 = 0xec
                    0x00ec                  _IEC11 = 0xec
                    0x00ec                  _IEC11bits = 0xec
                    0x00f0                  IPC0 = 0xf0
                    0x00f0                  _IPC0 = 0xf0
                    0x00f0                  _IPC0bits = 0xf0
                    0x00f4                  IPC1 = 0xf4
                    0x00f4                  _IPC1 = 0xf4
                    0x00f4                  _IPC1bits = 0xf4
                    0x00f8                  IPC2 = 0xf8
                    0x00f8                  _IPC2 = 0xf8
                    0x00f8                  _IPC2bits = 0xf8
                    0x00fc                  IPC3 = 0xfc
                    0x00fc                  _IPC3 = 0xfc
                    0x00fc                  _IPC3bits = 0xfc
                    0x0100                  IPC4 = 0x100
                    0x0100                  _IPC4 = 0x100
                    0x0100                  _IPC4bits = 0x100
                    0x0104                  IPC5 = 0x104
                    0x0104                  _IPC5 = 0x104
                    0x0104                  _IPC5bits = 0x104
                    0x0108                  IPC6 = 0x108
                    0x0108                  _IPC6 = 0x108
                    0x0108                  _IPC6bits = 0x108
                    0x010c                  IPC7 = 0x10c
                    0x010c                  _IPC7 = 0x10c
                    0x010c                  _IPC7bits = 0x10c
                    0x0110                  IPC8 = 0x110
                    0x0110                  _IPC8 = 0x110
                    0x0110                  _IPC8bits = 0x110
                    0x0114                  IPC9 = 0x114
                    0x0114                  _IPC9 = 0x114
                    0x0114                  _IPC9bits = 0x114
                    0x0118                  IPC10 = 0x118
                    0x0118                  _IPC10 = 0x118
                    0x0118                  _IPC10bits = 0x118
                    0x011c                  IPC11 = 0x11c
                    0x011c                  _IPC11 = 0x11c
                    0x011c                  _IPC11bits = 0x11c
                    0x0120                  IPC12 = 0x120
                    0x0120                  _IPC12 = 0x120
                    0x0120                  _IPC12bits = 0x120
                    0x0124                  IPC13 = 0x124
                    0x0124                  _IPC13 = 0x124
                    0x0124                  _IPC13bits = 0x124
                    0x0128                  IPC14 = 0x128
                    0x0128                  _IPC14 = 0x128
                    0x0128                  _IPC14bits = 0x128
                    0x012c                  IPC15 = 0x12c
                    0x012c                  _IPC15 = 0x12c
                    0x012c                  _IPC15bits = 0x12c
                    0x0130                  IPC16 = 0x130
                    0x0130                  _IPC16 = 0x130
                    0x0130                  _IPC16bits = 0x130
                    0x0134                  IPC17 = 0x134
                    0x0134                  _IPC17 = 0x134
                    0x0134                  _IPC17bits = 0x134
                    0x0138                  IPC18 = 0x138
                    0x0138                  _IPC18 = 0x138
                    0x0138                  _IPC18bits = 0x138
                    0x013c                  IPC19 = 0x13c
                    0x013c                  _IPC19 = 0x13c
                    0x013c                  _IPC19bits = 0x13c
                    0x0140                  IPC20 = 0x140
                    0x0140                  _IPC20 = 0x140
                    0x0140                  _IPC20bits = 0x140
                    0x0144                  IPC21 = 0x144
                    0x0144                  _IPC21 = 0x144
                    0x0144                  _IPC21bits = 0x144
                    0x0148                  IPC22 = 0x148
                    0x0148                  _IPC22 = 0x148
                    0x0148                  _IPC22bits = 0x148
                    0x014c                  IPC23 = 0x14c
                    0x014c                  _IPC23 = 0x14c
                    0x014c                  _IPC23bits = 0x14c
                    0x0150                  IPC24 = 0x150
                    0x0150                  _IPC24 = 0x150
                    0x0150                  _IPC24bits = 0x150
                    0x0154                  IPC25 = 0x154
                    0x0154                  _IPC25 = 0x154
                    0x0154                  _IPC25bits = 0x154
                    0x0158                  IPC26 = 0x158
                    0x0158                  _IPC26 = 0x158
                    0x0158                  _IPC26bits = 0x158
                    0x015c                  IPC27 = 0x15c
                    0x015c                  _IPC27 = 0x15c
                    0x015c                  _IPC27bits = 0x15c
                    0x0160                  IPC28 = 0x160
                    0x0160                  _IPC28 = 0x160
                    0x0160                  _IPC28bits = 0x160
                    0x0164                  IPC29 = 0x164
                    0x0164                  _IPC29 = 0x164
                    0x0164                  _IPC29bits = 0x164
                    0x0168                  IPC30 = 0x168
                    0x0168                  _IPC30 = 0x168
                    0x0168                  _IPC30bits = 0x168
                    0x016c                  IPC31 = 0x16c
                    0x016c                  _IPC31 = 0x16c
                    0x016c                  _IPC31bits = 0x16c
                    0x0170                  IPC32 = 0x170
                    0x0170                  _IPC32 = 0x170
                    0x0170                  _IPC32bits = 0x170
                    0x0174                  IPC33 = 0x174
                    0x0174                  _IPC33 = 0x174
                    0x0174                  _IPC33bits = 0x174
                    0x0178                  IPC34 = 0x178
                    0x0178                  _IPC34 = 0x178
                    0x0178                  _IPC34bits = 0x178
                    0x017c                  IPC35 = 0x17c
                    0x017c                  _IPC35 = 0x17c
                    0x017c                  _IPC35bits = 0x17c
                    0x0180                  IPC36 = 0x180
                    0x0180                  _IPC36 = 0x180
                    0x0180                  _IPC36bits = 0x180
                    0x0184                  IPC37 = 0x184
                    0x0184                  _IPC37 = 0x184
                    0x0184                  _IPC37bits = 0x184
                    0x018c                  IPC39 = 0x18c
                    0x018c                  _IPC39 = 0x18c
                    0x018c                  _IPC39bits = 0x18c
                    0x0190                  IPC40 = 0x190
                    0x0190                  _IPC40 = 0x190
                    0x0190                  _IPC40bits = 0x190
                    0x0194                  IPC41 = 0x194
                    0x0194                  _IPC41 = 0x194
                    0x0194                  _IPC41bits = 0x194
                    0x0198                  IPC42 = 0x198
                    0x0198                  _IPC42 = 0x198
                    0x0198                  _IPC42bits = 0x198
                    0x019c                  IPC43 = 0x19c
                    0x019c                  _IPC43 = 0x19c
                    0x019c                  _IPC43bits = 0x19c
                    0x01a0                  IPC44 = 0x1a0
                    0x01a0                  _IPC44 = 0x1a0
                    0x01a0                  _IPC44bits = 0x1a0
                    0x0200                  PORTA = 0x200
                    0x0200                  _PORTA = 0x200
                    0x0200                  _PORTAbits = 0x200
                    0x0204                  LATA = 0x204
                    0x0204                  _LATA = 0x204
                    0x0204                  _LATAbits = 0x204
                    0x0208                  TRISA = 0x208
                    0x0208                  _TRISA = 0x208
                    0x0208                  _TRISAbits = 0x208
                    0x020c                  CNSTATA = 0x20c
                    0x020c                  _CNSTATA = 0x20c
                    0x020c                  _CNSTATAbits = 0x20c
                    0x0210                  CNFA = 0x210
                    0x0210                  _CNFA = 0x210
                    0x0210                  _CNFAbits = 0x210
                    0x0214                  PORTB = 0x214
                    0x0214                  _PORTB = 0x214
                    0x0214                  _PORTBbits = 0x214
                    0x0218                  LATB = 0x218
                    0x0218                  _LATB = 0x218
                    0x0218                  _LATBbits = 0x218
                    0x021c                  TRISB = 0x21c
                    0x021c                  _TRISB = 0x21c
                    0x021c                  _TRISBbits = 0x21c
                    0x0220                  CNSTATB = 0x220
                    0x0220                  _CNSTATB = 0x220
                    0x0220                  _CNSTATBbits = 0x220
                    0x0224                  CNFB = 0x224
                    0x0224                  _CNFB = 0x224
                    0x0224                  _CNFBbits = 0x224
                    0x0228                  PORTC = 0x228
                    0x0228                  _PORTC = 0x228
                    0x0228                  _PORTCbits = 0x228
                    0x022c                  LATC = 0x22c
                    0x022c                  _LATC = 0x22c
                    0x022c                  _LATCbits = 0x22c
                    0x0230                  TRISC = 0x230
                    0x0230                  _TRISC = 0x230
                    0x0230                  _TRISCbits = 0x230
                    0x0234                  CNSTATC = 0x234
                    0x0234                  _CNSTATC = 0x234
                    0x0234                  _CNSTATCbits = 0x234
                    0x0238                  CNFC = 0x238
                    0x0238                  _CNFC = 0x238
                    0x0238                  _CNFCbits = 0x238
                    0x023c                  PORTD = 0x23c
                    0x023c                  _PORTD = 0x23c
                    0x023c                  _PORTDbits = 0x23c
                    0x0240                  LATD = 0x240
                    0x0240                  _LATD = 0x240
                    0x0240                  _LATDbits = 0x240
                    0x0244                  TRISD = 0x244
                    0x0244                  _TRISD = 0x244
                    0x0244                  _TRISDbits = 0x244
                    0x0248                  CNSTATD = 0x248
                    0x0248                  _CNSTATD = 0x248
                    0x0248                  _CNSTATDbits = 0x248
                    0x024c                  CNFD = 0x24c
                    0x024c                  _CNFD = 0x24c
                    0x024c                  _CNFDbits = 0x24c
                    0x0250                  PORTE = 0x250
                    0x0250                  _PORTE = 0x250
                    0x0250                  _PORTEbits = 0x250
                    0x0254                  LATE = 0x254
                    0x0254                  _LATE = 0x254
                    0x0254                  _LATEbits = 0x254
                    0x0258                  TRISE = 0x258
                    0x0258                  _TRISE = 0x258
                    0x0258                  _TRISEbits = 0x258
                    0x025c                  CNSTATE = 0x25c
                    0x025c                  _CNSTATE = 0x25c
                    0x025c                  _CNSTATEbits = 0x25c
                    0x0260                  CNFE = 0x260
                    0x0260                  _CNFE = 0x260
                    0x0260                  _CNFEbits = 0x260
                    0x0264                  PORTF = 0x264
                    0x0264                  _PORTF = 0x264
                    0x0264                  _PORTFbits = 0x264
                    0x0268                  LATF = 0x268
                    0x0268                  _LATF = 0x268
                    0x0268                  _LATFbits = 0x268
                    0x026c                  TRISF = 0x26c
                    0x026c                  _TRISF = 0x26c
                    0x026c                  _TRISFbits = 0x26c
                    0x0270                  CNSTATF = 0x270
                    0x0270                  _CNSTATF = 0x270
                    0x0270                  _CNSTATFbits = 0x270
                    0x0274                  CNFF = 0x274
                    0x0274                  _CNFF = 0x274
                    0x0274                  _CNFFbits = 0x274
                    0x0278                  PORTG = 0x278
                    0x0278                  _PORTG = 0x278
                    0x0278                  _PORTGbits = 0x278
                    0x027c                  LATG = 0x27c
                    0x027c                  _LATG = 0x27c
                    0x027c                  _LATGbits = 0x27c
                    0x0280                  TRISG = 0x280
                    0x0280                  _TRISG = 0x280
                    0x0280                  _TRISGbits = 0x280
                    0x0284                  CNSTATG = 0x284
                    0x0284                  _CNSTATG = 0x284
                    0x0284                  _CNSTATGbits = 0x284
                    0x0288                  CNFG = 0x288
                    0x0288                  _CNFG = 0x288
                    0x0288                  _CNFGbits = 0x288
                    0x028c                  PORTH = 0x28c
                    0x028c                  _PORTH = 0x28c
                    0x028c                  _PORTHbits = 0x28c
                    0x0290                  LATH = 0x290
                    0x0290                  _LATH = 0x290
                    0x0290                  _LATHbits = 0x290
                    0x0294                  TRISH = 0x294
                    0x0294                  _TRISH = 0x294
                    0x0294                  _TRISHbits = 0x294
                    0x0298                  CNSTATH = 0x298
                    0x0298                  _CNSTATH = 0x298
                    0x0298                  _CNSTATHbits = 0x298
                    0x029c                  CNFH = 0x29c
                    0x029c                  _CNFH = 0x29c
                    0x029c                  _CNFHbits = 0x29c
                    0x02c8                  CRCCON = 0x2c8
                    0x02c8                  _CRCCON = 0x2c8
                    0x02c8                  _CRCCONbits = 0x2c8
                    0x02cc                  CRCXOR = 0x2cc
                    0x02cc                  _CRCXOR = 0x2cc
                    0x02cc                  _CRCXORbits = 0x2cc
                    0x02d0                  CRCDAT = 0x2d0
                    0x02d0                  _CRCDAT = 0x2d0
                    0x02d4                  CRCWDAT = 0x2d4
                    0x02d4                  _CRCWDAT = 0x2d4
                    0x02e0                  UCPROT = 0x2e0
                    0x02e0                  _UCPROT = 0x2e0
                    0x02e0                  _UCPROTbits = 0x2e0
                    0x02e4                  IRTCTRL = 0x2e4
                    0x02e4                  _IRTCTRL = 0x2e4
                    0x02e4                  _IRTCTRLbits = 0x2e4
                    0x02e8                  IRTSTAT = 0x2e8
                    0x02e8                  _IRTSTAT = 0x2e8
                    0x0300                  PR0CTRL = 0x300
                    0x0300                  _PR0CTRL = 0x300
                    0x0300                  _PR0CTRLbits = 0x300
                    0x0304                  PR0ST = 0x304
                    0x0304                  _PR0ST = 0x304
                    0x0304                  _PR0STbits = 0x304
                    0x0308                  PR0END = 0x308
                    0x0308                  _PR0END = 0x308
                    0x0308                  _PR0ENDbits = 0x308
                    0x030c                  PR0LOCK = 0x30c
                    0x030c                  _PR0LOCK = 0x30c
                    0x030c                  _PR0LOCKbits = 0x30c
                    0x0310                  PR1CTRL = 0x310
                    0x0310                  _PR1CTRL = 0x310
                    0x0310                  _PR1CTRLbits = 0x310
                    0x0314                  PR1ST = 0x314
                    0x0314                  _PR1ST = 0x314
                    0x0314                  _PR1STbits = 0x314
                    0x0318                  PR1END = 0x318
                    0x0318                  _PR1END = 0x318
                    0x0318                  _PR1ENDbits = 0x318
                    0x031c                  PR1LOCK = 0x31c
                    0x031c                  _PR1LOCK = 0x31c
                    0x031c                  _PR1LOCKbits = 0x31c
                    0x0320                  PR2CTRL = 0x320
                    0x0320                  _PR2CTRL = 0x320
                    0x0320                  _PR2CTRLbits = 0x320
                    0x0324                  PR2ST = 0x324
                    0x0324                  _PR2ST = 0x324
                    0x0324                  _PR2STbits = 0x324
                    0x0328                  PR2END = 0x328
                    0x0328                  _PR2END = 0x328
                    0x0328                  _PR2ENDbits = 0x328
                    0x032c                  PR2LOCK = 0x32c
                    0x032c                  _PR2LOCK = 0x32c
                    0x032c                  _PR2LOCKbits = 0x32c
                    0x0330                  PR3CTRL = 0x330
                    0x0330                  _PR3CTRL = 0x330
                    0x0330                  _PR3CTRLbits = 0x330
                    0x0334                  PR3ST = 0x334
                    0x0334                  _PR3ST = 0x334
                    0x0334                  _PR3STbits = 0x334
                    0x0338                  PR3END = 0x338
                    0x0338                  _PR3END = 0x338
                    0x0338                  _PR3ENDbits = 0x338
                    0x033c                  PR3LOCK = 0x33c
                    0x033c                  _PR3LOCK = 0x33c
                    0x033c                  _PR3LOCKbits = 0x33c
                    0x0340                  PR4CTRL = 0x340
                    0x0340                  _PR4CTRL = 0x340
                    0x0340                  _PR4CTRLbits = 0x340
                    0x0344                  PR4ST = 0x344
                    0x0344                  _PR4ST = 0x344
                    0x0344                  _PR4STbits = 0x344
                    0x0348                  PR4END = 0x348
                    0x0348                  _PR4END = 0x348
                    0x0348                  _PR4ENDbits = 0x348
                    0x034c                  PR4LOCK = 0x34c
                    0x034c                  _PR4LOCK = 0x34c
                    0x034c                  _PR4LOCKbits = 0x34c
                    0x0350                  PR5CTRL = 0x350
                    0x0350                  _PR5CTRL = 0x350
                    0x0350                  _PR5CTRLbits = 0x350
                    0x0354                  PR5ST = 0x354
                    0x0354                  _PR5ST = 0x354
                    0x0354                  _PR5STbits = 0x354
                    0x0358                  PR5END = 0x358
                    0x0358                  _PR5END = 0x358
                    0x0358                  _PR5ENDbits = 0x358
                    0x035c                  PR5LOCK = 0x35c
                    0x035c                  _PR5LOCK = 0x35c
                    0x035c                  _PR5LOCKbits = 0x35c
                    0x0360                  PR6CTRL = 0x360
                    0x0360                  _PR6CTRL = 0x360
                    0x0360                  _PR6CTRLbits = 0x360
                    0x0364                  PR6ST = 0x364
                    0x0364                  _PR6ST = 0x364
                    0x0364                  _PR6STbits = 0x364
                    0x0368                  PR6END = 0x368
                    0x0368                  _PR6END = 0x368
                    0x0368                  _PR6ENDbits = 0x368
                    0x036c                  PR6LOCK = 0x36c
                    0x036c                  _PR6LOCK = 0x36c
                    0x036c                  _PR6LOCKbits = 0x36c
                    0x0370                  PR7CTRL = 0x370
                    0x0370                  _PR7CTRL = 0x370
                    0x0370                  _PR7CTRLbits = 0x370
                    0x0374                  PR7ST = 0x374
                    0x0374                  _PR7ST = 0x374
                    0x0374                  _PR7STbits = 0x374
                    0x0378                  PR7END = 0x378
                    0x0378                  _PR7END = 0x378
                    0x0378                  _PR7ENDbits = 0x378
                    0x037c                  PR7LOCK = 0x37c
                    0x037c                  _PR7LOCK = 0x37c
                    0x037c                  _PR7LOCKbits = 0x37c
                    0x0380                  ITCCON1 = 0x380
                    0x0380                  _ITCCON1 = 0x380
                    0x0380                  _ITCCON1bits = 0x380
                    0x0384                  ITCCON2 = 0x384
                    0x0384                  _ITCCON2 = 0x384
                    0x0384                  _ITCCON2bits = 0x384
                    0x0388                  ITCSTAT = 0x388
                    0x0388                  _ITCSTAT = 0x388
                    0x0388                  _ITCSTATbits = 0x388
                    0x038c                  ITCTXA = 0x38c
                    0x038c                  _ITCTXA = 0x38c
                    0x038c                  _ITCTXAbits = 0x38c
                    0x0390                  ITCTXB = 0x390
                    0x0390                  _ITCTXB = 0x390
                    0x0390                  _ITCTXBbits = 0x390
                    0x0394                  ITCTXC = 0x394
                    0x0394                  _ITCTXC = 0x394
                    0x0394                  _ITCTXCbits = 0x394
                    0x0398                  ADHIT = 0x398
                    0x0398                  _ADHIT = 0x398
                    0x0398                  _ADHITbits = 0x398
                    0x039c                  ITCLS0CON = 0x39c
                    0x039c                  _ITCLS0CON = 0x39c
                    0x039c                  _ITCLS0CONbits = 0x39c
                    0x03a0                  ITCLS0STAT = 0x3a0
                    0x03a0                  _ITCLS0STAT = 0x3a0
                    0x03a0                  _ITCLS0STATbits = 0x3a0
                    0x03a4                  ITCLS0CMPHI = 0x3a4
                    0x03a4                  _ITCLS0CMPHI = 0x3a4
                    0x03a8                  ITCLS0CMPLO = 0x3a8
                    0x03a8                  _ITCLS0CMPLO = 0x3a8
                    0x03ac                  ITCLS0MUL = 0x3ac
                    0x03ac                  _ITCLS0MUL = 0x3ac
                    0x03ac                  _ITCLS0MULbits = 0x3ac
                    0x03b0                  ITCLS0SEQ = 0x3b0
                    0x03b0                  _ITCLS0SEQ = 0x3b0
                    0x03b0                  _ITCLS0SEQbits = 0x3b0
                    0x03b4                  ITCLS0TMR = 0x3b4
                    0x03b4                  _ITCLS0TMR = 0x3b4
                    0x03b4                  _ITCLS0TMRbits = 0x3b4
                    0x03b8                  ITCLS1CON = 0x3b8
                    0x03b8                  _ITCLS1CON = 0x3b8
                    0x03b8                  _ITCLS1CONbits = 0x3b8
                    0x03bc                  ITCLS1STAT = 0x3bc
                    0x03bc                  _ITCLS1STAT = 0x3bc
                    0x03bc                  _ITCLS1STATbits = 0x3bc
                    0x03c0                  ITCLS1CMPHI = 0x3c0
                    0x03c0                  _ITCLS1CMPHI = 0x3c0
                    0x03c4                  ITCLS1CMPLO = 0x3c4
                    0x03c4                  _ITCLS1CMPLO = 0x3c4
                    0x03c8                  ITCLS1MUL = 0x3c8
                    0x03c8                  _ITCLS1MUL = 0x3c8
                    0x03c8                  _ITCLS1MULbits = 0x3c8
                    0x03cc                  ITCLS1SEQ = 0x3cc
                    0x03cc                  _ITCLS1SEQ = 0x3cc
                    0x03cc                  _ITCLS1SEQbits = 0x3cc
                    0x03d0                  ITCLS1TMR = 0x3d0
                    0x03d0                  _ITCLS1TMR = 0x3d0
                    0x03d0                  _ITCLS1TMRbits = 0x3d0
                    0x03d4                  ITCLS2CON = 0x3d4
                    0x03d4                  _ITCLS2CON = 0x3d4
                    0x03d4                  _ITCLS2CONbits = 0x3d4
                    0x03d8                  ITCLS2STAT = 0x3d8
                    0x03d8                  _ITCLS2STAT = 0x3d8
                    0x03d8                  _ITCLS2STATbits = 0x3d8
                    0x03dc                  ITCLS2CMPHI = 0x3dc
                    0x03dc                  _ITCLS2CMPHI = 0x3dc
                    0x03e0                  ITCLS2CMPLO = 0x3e0
                    0x03e0                  _ITCLS2CMPLO = 0x3e0
                    0x03e4                  ITCLS2MUL = 0x3e4
                    0x03e4                  _ITCLS2MUL = 0x3e4
                    0x03e4                  _ITCLS2MULbits = 0x3e4
                    0x03e8                  ITCLS2SEQ = 0x3e8
                    0x03e8                  _ITCLS2SEQ = 0x3e8
                    0x03e8                  _ITCLS2SEQbits = 0x3e8
                    0x03ec                  ITCLS2TMR = 0x3ec
                    0x03ec                  _ITCLS2TMR = 0x3ec
                    0x03ec                  _ITCLS2TMRbits = 0x3ec
                    0x03f0                  ITCREC0 = 0x3f0
                    0x03f0                  _ITCREC0 = 0x3f0
                    0x03f0                  _ITCREC0bits = 0x3f0
                    0x03f4                  ITCREC1 = 0x3f4
                    0x03f4                  _ITCREC1 = 0x3f4
                    0x03f4                  _ITCREC1bits = 0x3f4
                    0x03f8                  ITCREC2 = 0x3f8
                    0x03f8                  _ITCREC2 = 0x3f8
                    0x03f8                  _ITCREC2bits = 0x3f8
                    0x03fc                  ITCREC3 = 0x3fc
                    0x03fc                  _ITCREC3 = 0x3fc
                    0x03fc                  _ITCREC3bits = 0x3fc
                    0x0400                  ITCREC4 = 0x400
                    0x0400                  _ITCREC4 = 0x400
                    0x0400                  _ITCREC4bits = 0x400
                    0x0404                  ITCREC5 = 0x404
                    0x0404                  _ITCREC5 = 0x404
                    0x0404                  _ITCREC5bits = 0x404
                    0x0408                  ITCREC6 = 0x408
                    0x0408                  _ITCREC6 = 0x408
                    0x0408                  _ITCREC6bits = 0x408
                    0x040c                  ITCREC7 = 0x40c
                    0x040c                  _ITCREC7 = 0x40c
                    0x040c                  _ITCREC7bits = 0x40c
                    0x0410                  ITCREC8 = 0x410
                    0x0410                  _ITCREC8 = 0x410
                    0x0410                  _ITCREC8bits = 0x410
                    0x0414                  ITCREC9 = 0x414
                    0x0414                  _ITCREC9 = 0x414
                    0x0414                  _ITCREC9bits = 0x414
                    0x0418                  ITCREC10 = 0x418
                    0x0418                  _ITCREC10 = 0x418
                    0x0418                  _ITCREC10bits = 0x418
                    0x041c                  ITCREC11 = 0x41c
                    0x041c                  _ITCREC11 = 0x41c
                    0x041c                  _ITCREC11bits = 0x41c
                    0x0420                  ITCREC12 = 0x420
                    0x0420                  _ITCREC12 = 0x420
                    0x0420                  _ITCREC12bits = 0x420
                    0x0424                  ITCREC13 = 0x424
                    0x0424                  _ITCREC13 = 0x424
                    0x0424                  _ITCREC13bits = 0x424
                    0x0428                  ITCREC14 = 0x428
                    0x0428                  _ITCREC14 = 0x428
                    0x0428                  _ITCREC14bits = 0x428
                    0x042c                  ITCREC15 = 0x42c
                    0x042c                  _ITCREC15 = 0x42c
                    0x042c                  _ITCREC15bits = 0x42c
                    0x0430                  ITCRES0 = 0x430
                    0x0430                  _ITCRES0 = 0x430
                    0x0434                  ITCRES1 = 0x434
                    0x0434                  _ITCRES1 = 0x434
                    0x0438                  ITCRES2 = 0x438
                    0x0438                  _ITCRES2 = 0x438
                    0x043c                  ITCRES3 = 0x43c
                    0x043c                  _ITCRES3 = 0x43c
                    0x0440                  ITCRES4 = 0x440
                    0x0440                  _ITCRES4 = 0x440
                    0x0444                  ITCRES5 = 0x444
                    0x0444                  _ITCRES5 = 0x444
                    0x0448                  ITCRES6 = 0x448
                    0x0448                  _ITCRES6 = 0x448
                    0x044c                  ITCRES7 = 0x44c
                    0x044c                  _ITCRES7 = 0x44c
                    0x0450                  ITCRES8 = 0x450
                    0x0450                  _ITCRES8 = 0x450
                    0x0454                  ITCRES9 = 0x454
                    0x0454                  _ITCRES9 = 0x454
                    0x0458                  ITCRES10 = 0x458
                    0x0458                  _ITCRES10 = 0x458
                    0x045c                  ITCRES11 = 0x45c
                    0x045c                  _ITCRES11 = 0x45c
                    0x0460                  ITCRES12 = 0x460
                    0x0460                  _ITCRES12 = 0x460
                    0x0464                  ITCRES13 = 0x464
                    0x0464                  _ITCRES13 = 0x464
                    0x0468                  ITCRES14 = 0x468
                    0x0468                  _ITCRES14 = 0x468
                    0x046c                  ITCRES15 = 0x46c
                    0x046c                  _ITCRES15 = 0x46c
                    0x0470                  ITCRES16 = 0x470
                    0x0470                  _ITCRES16 = 0x470
                    0x0474                  ITCRES17 = 0x474
                    0x0474                  _ITCRES17 = 0x474
                    0x0478                  ITCRES18 = 0x478
                    0x0478                  _ITCRES18 = 0x478
                    0x047c                  ITCRES19 = 0x47c
                    0x047c                  _ITCRES19 = 0x47c
                    0x0480                  ITCRES20 = 0x480
                    0x0480                  _ITCRES20 = 0x480
                    0x0484                  ITCRES21 = 0x484
                    0x0484                  _ITCRES21 = 0x484
                    0x0488                  ITCRES22 = 0x488
                    0x0488                  _ITCRES22 = 0x488
                    0x048c                  ITCRES23 = 0x48c
                    0x048c                  _ITCRES23 = 0x48c
                    0x0490                  ITCRES24 = 0x490
                    0x0490                  _ITCRES24 = 0x490
                    0x0494                  ITCRES25 = 0x494
                    0x0494                  _ITCRES25 = 0x494
                    0x0498                  ITCRES26 = 0x498
                    0x0498                  _ITCRES26 = 0x498
                    0x049c                  ITCRES27 = 0x49c
                    0x049c                  _ITCRES27 = 0x49c
                    0x04a0                  ITCRES28 = 0x4a0
                    0x04a0                  _ITCRES28 = 0x4a0
                    0x04a4                  ITCRES29 = 0x4a4
                    0x04a4                  _ITCRES29 = 0x4a4
                    0x04a8                  ITCRES30 = 0x4a8
                    0x04a8                  _ITCRES30 = 0x4a8
                    0x04ac                  ITCRES31 = 0x4ac
                    0x04ac                  _ITCRES31 = 0x4ac
                    0x04b0                  ITCCURRES = 0x4b0
                    0x04b0                  _ITCCURRES = 0x4b0
                    0x0770                  BMXINITPR = 0x770
                    0x0770                  _BMXINITPR = 0x770
                    0x0770                  _BMXINITPRbits = 0x770
                    0x0774                  BMXIRAML = 0x774
                    0x0774                  _BMXIRAML = 0x774
                    0x0778                  BMXIRAMH = 0x778
                    0x0778                  _BMXIRAMH = 0x778
                    0x077c                  BMXXDATERR = 0x77c
                    0x077c                  _BMXXDATERR = 0x77c
                    0x077c                  _BMXXDATERRbits = 0x77c
                    0x0780                  BMXYDATERR = 0x780
                    0x0780                  _BMXYDATERR = 0x780
                    0x0780                  _BMXYDATERRbits = 0x780
                    0x0784                  BMXDMAERR = 0x784
                    0x0784                  _BMXDMAERR = 0x784
                    0x0784                  _BMXDMAERRbits = 0x784
                    0x0788                  BMXCPUERR = 0x788
                    0x0788                  _BMXCPUERR = 0x788
                    0x0788                  _BMXCPUERRbits = 0x788
                    0x078c                  BMXCRYPTERR = 0x78c
                    0x078c                  _BMXCRYPTERR = 0x78c
                    0x078c                  _BMXCRYPTERRbits = 0x78c
                    0x0790                  BMXCAN1ERR = 0x790
                    0x0790                  _BMXCAN1ERR = 0x790
                    0x0790                  _BMXCAN1ERRbits = 0x790
                    0x0794                  BMXCAN2ERR = 0x794
                    0x0794                  _BMXCAN2ERR = 0x794
                    0x0794                  _BMXCAN2ERRbits = 0x794
                    0x0798                  BMXNVMERR = 0x798
                    0x0798                  _BMXNVMERR = 0x798
                    0x0798                  _BMXNVMERRbits = 0x798
                    0x079c                  BMXICDERR = 0x79c
                    0x079c                  _BMXICDERR = 0x79c
                    0x079c                  _BMXICDERRbits = 0x79c
                    0x0800                  AD1CON = 0x800
                    0x0800                  _AD1CON = 0x800
                    0x0800                  _AD1CONbits = 0x800
                    0x0804                  AD1DATAOVR = 0x804
                    0x0804                  _AD1DATAOVR = 0x804
                    0x0808                  AD1STAT = 0x808
                    0x0808                  _AD1STAT = 0x808
                    0x0808                  _AD1STATbits = 0x808
                    0x080c                  AD1RSTAT = 0x80c
                    0x080c                  _AD1RSTAT = 0x80c
                    0x080c                  _AD1RSTATbits = 0x80c
                    0x0810                  AD1CMPSTAT = 0x810
                    0x0810                  _AD1CMPSTAT = 0x810
                    0x0810                  _AD1CMPSTATbits = 0x810
                    0x0814                  AD1SWTRG = 0x814
                    0x0814                  _AD1SWTRG = 0x814
                    0x0814                  _AD1SWTRGbits = 0x814
                    0x0818                  AD1CH0CON1 = 0x818
                    0x0818                  _AD1CH0CON1 = 0x818
                    0x0818                  _AD1CH0CON1bits = 0x818
                    0x081c                  AD1CH0CON2 = 0x81c
                    0x081c                  _AD1CH0CON2 = 0x81c
                    0x081c                  _AD1CH0CON2bits = 0x81c
                    0x0820                  AD1CH0DATA = 0x820
                    0x0820                  _AD1CH0DATA = 0x820
                    0x0824                  AD1CH0RES = 0x824
                    0x0824                  _AD1CH0RES = 0x824
                    0x0824                  _AD1CH0RESbits = 0x824
                    0x0828                  AD1CH0CNT = 0x828
                    0x0828                  _AD1CH0CNT = 0x828
                    0x0828                  _AD1CH0CNTbits = 0x828
                    0x082c                  AD1CH0CMPLO = 0x82c
                    0x082c                  _AD1CH0CMPLO = 0x82c
                    0x0830                  AD1CH0CMPHI = 0x830
                    0x0830                  _AD1CH0CMPHI = 0x830
                    0x0838                  AD1CH1CON1 = 0x838
                    0x0838                  _AD1CH1CON1 = 0x838
                    0x0838                  _AD1CH1CON1bits = 0x838
                    0x083c                  AD1CH1CON2 = 0x83c
                    0x083c                  _AD1CH1CON2 = 0x83c
                    0x083c                  _AD1CH1CON2bits = 0x83c
                    0x0840                  AD1CH1DATA = 0x840
                    0x0840                  _AD1CH1DATA = 0x840
                    0x0844                  AD1CH1RES = 0x844
                    0x0844                  _AD1CH1RES = 0x844
                    0x0844                  _AD1CH1RESbits = 0x844
                    0x0848                  AD1CH1CNT = 0x848
                    0x0848                  _AD1CH1CNT = 0x848
                    0x0848                  _AD1CH1CNTbits = 0x848
                    0x084c                  AD1CH1CMPLO = 0x84c
                    0x084c                  _AD1CH1CMPLO = 0x84c
                    0x0850                  AD1CH1CMPHI = 0x850
                    0x0850                  _AD1CH1CMPHI = 0x850
                    0x0858                  AD1CH2CON1 = 0x858
                    0x0858                  _AD1CH2CON1 = 0x858
                    0x0858                  _AD1CH2CON1bits = 0x858
                    0x085c                  AD1CH2CON2 = 0x85c
                    0x085c                  _AD1CH2CON2 = 0x85c
                    0x085c                  _AD1CH2CON2bits = 0x85c
                    0x0860                  AD1CH2DATA = 0x860
                    0x0860                  _AD1CH2DATA = 0x860
                    0x0864                  AD1CH2RES = 0x864
                    0x0864                  _AD1CH2RES = 0x864
                    0x0864                  _AD1CH2RESbits = 0x864
                    0x0868                  AD1CH2CNT = 0x868
                    0x0868                  _AD1CH2CNT = 0x868
                    0x0868                  _AD1CH2CNTbits = 0x868
                    0x086c                  AD1CH2CMPLO = 0x86c
                    0x086c                  _AD1CH2CMPLO = 0x86c
                    0x0870                  AD1CH2CMPHI = 0x870
                    0x0870                  _AD1CH2CMPHI = 0x870
                    0x0878                  AD1CH3CON1 = 0x878
                    0x0878                  _AD1CH3CON1 = 0x878